# Logfile created on 2026-03-16 15:56:12 +0000 by logger.rb/v1.6.0
2026-03-16 15:56:12 +0000: Memory Usage (422988K) : Starting running IHP-SG13G2 KLayout DRC runset on /data/Projects/tiny_workspace/macros/gds/khn_biquad.gds
2026-03-16 15:56:12 +0000: Memory Usage (422988K) : Ruby Version for klayout: 3.3.10
2026-03-16 15:56:12 +0000: Memory Usage (422988K) : Loading database to memory is complete.
2026-03-16 15:56:12 +0000: Memory Usage (422988K) : IHP-SG13G2 KLayout DRC runset output at: /data/Projects/tiny_workspace/macros/drc_run_khn_biquad/khn_biquad_khn_biquad_main.lyrdb
2026-03-16 15:56:12 +0000: Memory Usage (422988K) : Evaluate switches.
2026-03-16 15:56:12 +0000: Memory Usage (422988K) : tables selected: main
2026-03-16 15:56:12 +0000: Memory Usage (422988K) : KLayout will use 1 thread(s) in tiling mode.
2026-03-16 15:56:12 +0000: Memory Usage (422988K) : deep mode is enabled.
2026-03-16 15:56:12 +0000: Memory Usage (422988K) : FEOL enabled: true
2026-03-16 15:56:12 +0000: Memory Usage (422988K) : BEOL enabled: true
2026-03-16 15:56:12 +0000: Memory Usage (422988K) : OFFGRID enabled: true
2026-03-16 15:56:12 +0000: Memory Usage (422988K) : PIN enabled: true
2026-03-16 15:56:12 +0000: Memory Usage (422988K) : FORBIDDEN enabled: true
2026-03-16 15:56:12 +0000: Memory Usage (422988K) : RECOMMENDED enabled: true
2026-03-16 15:56:12 +0000: Memory Usage (422988K) : PreCheck DRC enabled: false
2026-03-16 15:56:12 +0000: Memory Usage (422988K) : CONNECTIVITY_RULES enabled: true.
2026-03-16 15:56:12 +0000: Memory Usage (422988K) : Read in polygons from layers.
2026-03-16 15:56:12 +0000: Memory Usage (424156K) : activ_drw has 129 polygons
2026-03-16 15:56:12 +0000: Memory Usage (424156K) : activ_pin has 0 polygons
2026-03-16 15:56:12 +0000: Memory Usage (424156K) : activ_mask has 0 polygons
2026-03-16 15:56:12 +0000: Memory Usage (424156K) : activ_filler has 0 polygons
2026-03-16 15:56:12 +0000: Memory Usage (424156K) : activ_nofill has 0 polygons
2026-03-16 15:56:12 +0000: Memory Usage (424156K) : activ_opc has 0 polygons
2026-03-16 15:56:12 +0000: Memory Usage (424156K) : activ_iopc has 0 polygons
2026-03-16 15:56:12 +0000: Memory Usage (424156K) : activ_noqrc has 0 polygons
2026-03-16 15:56:12 +0000: Memory Usage (424156K) : biwind_drw has 0 polygons
2026-03-16 15:56:12 +0000: Memory Usage (424156K) : biwind_opc has 0 polygons
2026-03-16 15:56:12 +0000: Memory Usage (424156K) : pemwind_drw has 0 polygons
2026-03-16 15:56:12 +0000: Memory Usage (424156K) : gatpoly_drw has 222 polygons
2026-03-16 15:56:12 +0000: Memory Usage (424156K) : gatpoly_pin has 0 polygons
2026-03-16 15:56:12 +0000: Memory Usage (424156K) : gatpoly_filler has 0 polygons
2026-03-16 15:56:12 +0000: Memory Usage (424156K) : gatpoly_nofill has 0 polygons
2026-03-16 15:56:12 +0000: Memory Usage (424156K) : gatpoly_opc has 0 polygons
2026-03-16 15:56:12 +0000: Memory Usage (424156K) : gatpoly_iopc has 0 polygons
2026-03-16 15:56:12 +0000: Memory Usage (424156K) : gatpoly_noqrc has 0 polygons
2026-03-16 15:56:12 +0000: Memory Usage (424156K) : cont_drw has 351 polygons
2026-03-16 15:56:12 +0000: Memory Usage (424156K) : cont_opc has 0 polygons
2026-03-16 15:56:12 +0000: Memory Usage (424156K) : nsd_drw has 0 polygons
2026-03-16 15:56:12 +0000: Memory Usage (424156K) : nsd_block has 0 polygons
2026-03-16 15:56:12 +0000: Memory Usage (424156K) : metal1_drw has 852 polygons
2026-03-16 15:56:12 +0000: Memory Usage (424156K) : metal1_pin has 0 polygons
2026-03-16 15:56:12 +0000: Memory Usage (424156K) : metal1_mask has 0 polygons
2026-03-16 15:56:12 +0000: Memory Usage (425256K) : metal1_filler has 0 polygons
2026-03-16 15:56:12 +0000: Memory Usage (425256K) : metal1_nofill has 0 polygons
2026-03-16 15:56:12 +0000: Memory Usage (425256K) : metal1_slit has 0 polygons
2026-03-16 15:56:12 +0000: Memory Usage (425256K) : metal1_text has 0 polygons
2026-03-16 15:56:12 +0000: Memory Usage (425256K) : metal1_opc has 0 polygons
2026-03-16 15:56:12 +0000: Memory Usage (425256K) : metal1_noqrc has 0 polygons
2026-03-16 15:56:12 +0000: Memory Usage (425520K) : metal1_res has 0 polygons
2026-03-16 15:56:12 +0000: Memory Usage (425520K) : metal1_iprobe has 0 polygons
2026-03-16 15:56:12 +0000: Memory Usage (425520K) : metal1_diffprb has 0 polygons
2026-03-16 15:56:12 +0000: Memory Usage (425520K) : passiv_drw has 0 polygons
2026-03-16 15:56:12 +0000: Memory Usage (425784K) : passiv_pin has 0 polygons
2026-03-16 15:56:12 +0000: Memory Usage (425784K) : passiv_sbump has 0 polygons
2026-03-16 15:56:12 +0000: Memory Usage (425784K) : passiv_pillar has 0 polygons
2026-03-16 15:56:12 +0000: Memory Usage (425784K) : passiv_pdl has 0 polygons
2026-03-16 15:56:12 +0000: Memory Usage (425784K) : metal2_drw has 654 polygons
2026-03-16 15:56:12 +0000: Memory Usage (426048K) : metal2_pin has 0 polygons
2026-03-16 15:56:12 +0000: Memory Usage (426048K) : metal2_mask has 0 polygons
2026-03-16 15:56:12 +0000: Memory Usage (426048K) : metal2_filler has 0 polygons
2026-03-16 15:56:12 +0000: Memory Usage (426048K) : metal2_nofill has 0 polygons
2026-03-16 15:56:12 +0000: Memory Usage (426312K) : metal2_slit has 0 polygons
2026-03-16 15:56:12 +0000: Memory Usage (426312K) : metal2_text has 0 polygons
2026-03-16 15:56:12 +0000: Memory Usage (426312K) : metal2_opc has 0 polygons
2026-03-16 15:56:12 +0000: Memory Usage (426312K) : metal2_noqrc has 0 polygons
2026-03-16 15:56:12 +0000: Memory Usage (426312K) : metal2_res has 0 polygons
2026-03-16 15:56:12 +0000: Memory Usage (426576K) : metal2_iprobe has 0 polygons
2026-03-16 15:56:12 +0000: Memory Usage (426576K) : metal2_diffprb has 0 polygons
2026-03-16 15:56:12 +0000: Memory Usage (426576K) : baspoly_drw has 0 polygons
2026-03-16 15:56:12 +0000: Memory Usage (426576K) : baspoly_pin has 0 polygons
2026-03-16 15:56:12 +0000: Memory Usage (426576K) : psd_drw has 58 polygons
2026-03-16 15:56:12 +0000: Memory Usage (426576K) : nldb_drw has 0 polygons
2026-03-16 15:56:12 +0000: Memory Usage (426576K) : digibnd_drw has 0 polygons
2026-03-16 15:56:12 +0000: Memory Usage (426576K) : via1_drw has 205 polygons
2026-03-16 15:56:12 +0000: Memory Usage (426576K) : backmetal1_drw has 0 polygons
2026-03-16 15:56:12 +0000: Memory Usage (426576K) : backmetal1_pin has 0 polygons
2026-03-16 15:56:12 +0000: Memory Usage (426840K) : backmetal1_mask has 0 polygons
2026-03-16 15:56:12 +0000: Memory Usage (426840K) : backmetal1_filler has 0 polygons
2026-03-16 15:56:12 +0000: Memory Usage (426840K) : backmetal1_nofill has 0 polygons
2026-03-16 15:56:12 +0000: Memory Usage (426840K) : backmetal1_slit has 0 polygons
2026-03-16 15:56:12 +0000: Memory Usage (427104K) : backmetal1_text has 0 polygons
2026-03-16 15:56:12 +0000: Memory Usage (427104K) : backmetal1_opc has 0 polygons
2026-03-16 15:56:12 +0000: Memory Usage (427104K) : backmetal1_noqrc has 0 polygons
2026-03-16 15:56:12 +0000: Memory Usage (427104K) : backmetal1_res has 0 polygons
2026-03-16 15:56:12 +0000: Memory Usage (427368K) : backmetal1_iprobe has 0 polygons
2026-03-16 15:56:12 +0000: Memory Usage (427368K) : backmetal1_diffprb has 0 polygons
2026-03-16 15:56:12 +0000: Memory Usage (427368K) : backpassiv_drw has 0 polygons
2026-03-16 15:56:12 +0000: Memory Usage (427368K) : res_drw has 0 polygons
2026-03-16 15:56:12 +0000: Memory Usage (427632K) : sram_drw has 0 polygons
2026-03-16 15:56:12 +0000: Memory Usage (427632K) : trans_drw has 0 polygons
2026-03-16 15:56:12 +0000: Memory Usage (427632K) : ind_drw has 0 polygons
2026-03-16 15:56:12 +0000: Memory Usage (427632K) : ind_pin has 0 polygons
2026-03-16 15:56:12 +0000: Memory Usage (427632K) : ind_text has 0 polygons
2026-03-16 15:56:12 +0000: Memory Usage (427896K) : salblock_drw has 0 polygons
2026-03-16 15:56:12 +0000: Memory Usage (427896K) : via2_drw has 255 polygons
2026-03-16 15:56:12 +0000: Memory Usage (427896K) : metal3_drw has 539 polygons
2026-03-16 15:56:12 +0000: Memory Usage (427896K) : metal3_pin has 12 polygons
2026-03-16 15:56:12 +0000: Memory Usage (428160K) : metal3_mask has 0 polygons
2026-03-16 15:56:12 +0000: Memory Usage (428160K) : metal3_filler has 0 polygons
2026-03-16 15:56:12 +0000: Memory Usage (428160K) : metal3_nofill has 0 polygons
2026-03-16 15:56:12 +0000: Memory Usage (428160K) : metal3_slit has 0 polygons
2026-03-16 15:56:12 +0000: Memory Usage (428604K) : metal3_text has 12 polygons
2026-03-16 15:56:12 +0000: Memory Usage (428604K) : metal3_opc has 0 polygons
2026-03-16 15:56:12 +0000: Memory Usage (428604K) : metal3_noqrc has 0 polygons
2026-03-16 15:56:12 +0000: Memory Usage (428604K) : metal3_res has 0 polygons
2026-03-16 15:56:12 +0000: Memory Usage (428604K) : metal3_iprobe has 0 polygons
2026-03-16 15:56:12 +0000: Memory Usage (428928K) : metal3_diffprb has 0 polygons
2026-03-16 15:56:12 +0000: Memory Usage (429192K) : nwell_drw has 69 polygons
2026-03-16 15:56:12 +0000: Memory Usage (429192K) : nwell_pin has 0 polygons
2026-03-16 15:56:12 +0000: Memory Usage (429192K) : nbulay_drw has 0 polygons
2026-03-16 15:56:12 +0000: Memory Usage (429192K) : nbulay_pin has 0 polygons
2026-03-16 15:56:12 +0000: Memory Usage (429192K) : nbulay_block has 0 polygons
2026-03-16 15:56:12 +0000: Memory Usage (429192K) : emwind_drw has 0 polygons
2026-03-16 15:56:12 +0000: Memory Usage (429192K) : emwind_opc has 0 polygons
2026-03-16 15:56:12 +0000: Memory Usage (429456K) : deepco_drw has 0 polygons
2026-03-16 15:56:12 +0000: Memory Usage (429456K) : deepco_drw has 0 polygons
2026-03-16 15:56:12 +0000: Memory Usage (429456K) : mim_drw has 12 polygons
2026-03-16 15:56:12 +0000: Memory Usage (429456K) : edgeseal_drw has 0 polygons
2026-03-16 15:56:12 +0000: Memory Usage (429720K) : edgeseal_bound has 0 polygons
2026-03-16 15:56:12 +0000: Memory Usage (429720K) : substrate_drw has 0 polygons
2026-03-16 15:56:12 +0000: Memory Usage (429720K) : substrate_text has 0 polygons
2026-03-16 15:56:12 +0000: Memory Usage (429720K) : dfpad_drw has 0 polygons
2026-03-16 15:56:12 +0000: Memory Usage (429720K) : dfpad_pillar has 0 polygons
2026-03-16 15:56:12 +0000: Memory Usage (429984K) : dfpad_sbump has 0 polygons
2026-03-16 15:56:12 +0000: Memory Usage (429984K) : thickgateox_drw has 0 polygons
2026-03-16 15:56:12 +0000: Memory Usage (429984K) : pldb_drw has 0 polygons
2026-03-16 15:56:12 +0000: Memory Usage (429984K) : pwell_drw has 0 polygons
2026-03-16 15:56:12 +0000: Memory Usage (430248K) : pwell_pin has 0 polygons
2026-03-16 15:56:12 +0000: Memory Usage (430248K) : pwell_block has 0 polygons
2026-03-16 15:56:12 +0000: Memory Usage (430248K) : ic_drw has 0 polygons
2026-03-16 15:56:12 +0000: Memory Usage (430248K) : via3_drw has 155 polygons
2026-03-16 15:56:12 +0000: Memory Usage (430512K) : metal4_drw has 258 polygons
2026-03-16 15:56:12 +0000: Memory Usage (430512K) : metal4_pin has 0 polygons
2026-03-16 15:56:12 +0000: Memory Usage (430512K) : metal4_mask has 0 polygons
2026-03-16 15:56:12 +0000: Memory Usage (430512K) : metal4_filler has 0 polygons
2026-03-16 15:56:12 +0000: Memory Usage (430776K) : metal4_nofill has 0 polygons
2026-03-16 15:56:12 +0000: Memory Usage (430776K) : metal4_slit has 0 polygons
2026-03-16 15:56:12 +0000: Memory Usage (430776K) : metal4_text has 0 polygons
2026-03-16 15:56:12 +0000: Memory Usage (430776K) : metal4_opc has 0 polygons
2026-03-16 15:56:12 +0000: Memory Usage (431040K) : metal4_noqrc has 0 polygons
2026-03-16 15:56:12 +0000: Memory Usage (431040K) : metal4_res has 0 polygons
2026-03-16 15:56:12 +0000: Memory Usage (431040K) : metal4_iprobe has 0 polygons
2026-03-16 15:56:12 +0000: Memory Usage (431040K) : metal4_diffprb has 0 polygons
2026-03-16 15:56:12 +0000: Memory Usage (431304K) : heattrans_drw has 0 polygons
2026-03-16 15:56:12 +0000: Memory Usage (431304K) : heatres_drw has 0 polygons
2026-03-16 15:56:12 +0000: Memory Usage (431304K) : pempoly_drw has 0 polygons
2026-03-16 15:56:12 +0000: Memory Usage (431304K) : fbe_drw has 0 polygons
2026-03-16 15:56:12 +0000: Memory Usage (431568K) : empoly_drw has 0 polygons
2026-03-16 15:56:12 +0000: Memory Usage (431568K) : ldmos_drw has 0 polygons
2026-03-16 15:56:12 +0000: Memory Usage (431568K) : pbiwind_drw has 0 polygons
2026-03-16 15:56:12 +0000: Memory Usage (431568K) : digisub_drw has 0 polygons
2026-03-16 15:56:12 +0000: Memory Usage (431832K) : nodrc_drw has 0 polygons
2026-03-16 15:56:12 +0000: Memory Usage (431832K) : text_drw has 0 polygons
2026-03-16 15:56:12 +0000: Memory Usage (431832K) : via4_drw has 44 polygons
2026-03-16 15:56:12 +0000: Memory Usage (431832K) : metal5_drw has 85 polygons
2026-03-16 15:56:12 +0000: Memory Usage (431832K) : metal5_pin has 0 polygons
2026-03-16 15:56:12 +0000: Memory Usage (432096K) : metal5_mask has 0 polygons
2026-03-16 15:56:12 +0000: Memory Usage (432096K) : metal5_filler has 0 polygons
2026-03-16 15:56:12 +0000: Memory Usage (432096K) : metal5_nofill has 0 polygons
2026-03-16 15:56:12 +0000: Memory Usage (432096K) : metal5_slit has 0 polygons
2026-03-16 15:56:12 +0000: Memory Usage (432360K) : metal5_text has 0 polygons
2026-03-16 15:56:12 +0000: Memory Usage (432360K) : metal5_opc has 0 polygons
2026-03-16 15:56:12 +0000: Memory Usage (432360K) : metal5_noqrc has 0 polygons
2026-03-16 15:56:12 +0000: Memory Usage (432360K) : metal5_res has 0 polygons
2026-03-16 15:56:12 +0000: Memory Usage (432624K) : metal5_iprobe has 0 polygons
2026-03-16 15:56:12 +0000: Memory Usage (432624K) : metal5_diffprb has 0 polygons
2026-03-16 15:56:12 +0000: Memory Usage (432624K) : radhard_drw has 0 polygons
2026-03-16 15:56:12 +0000: Memory Usage (432624K) : memcap_drw has 0 polygons
2026-03-16 15:56:12 +0000: Memory Usage (432888K) : varicap_drw has 0 polygons
2026-03-16 15:56:12 +0000: Memory Usage (432888K) : flash_drw has 0 polygons
2026-03-16 15:56:12 +0000: Memory Usage (433052K) : intbondvia_drw has 0 polygons
2026-03-16 15:56:12 +0000: Memory Usage (433116K) : intbondmet_drw has 0 polygons
2026-03-16 15:56:12 +0000: Memory Usage (433116K) : devbondvia_drw has 0 polygons
2026-03-16 15:56:12 +0000: Memory Usage (433116K) : devbondmet_drw has 0 polygons
2026-03-16 15:56:12 +0000: Memory Usage (433116K) : devtrench_drw has 0 polygons
2026-03-16 15:56:12 +0000: Memory Usage (433116K) : redist_drw has 0 polygons
2026-03-16 15:56:12 +0000: Memory Usage (433116K) : graphbot_drw has 0 polygons
2026-03-16 15:56:12 +0000: Memory Usage (433116K) : graphtop_drw has 0 polygons
2026-03-16 15:56:12 +0000: Memory Usage (433116K) : antvia1_drw has 0 polygons
2026-03-16 15:56:12 +0000: Memory Usage (433116K) : antmetal2_drw has 0 polygons
2026-03-16 15:56:12 +0000: Memory Usage (433116K) : graphcont_drw has 0 polygons
2026-03-16 15:56:12 +0000: Memory Usage (433116K) : siwg_drw has 0 polygons
2026-03-16 15:56:12 +0000: Memory Usage (433116K) : siwg_filler has 0 polygons
2026-03-16 15:56:12 +0000: Memory Usage (433116K) : siwg_nofill has 0 polygons
2026-03-16 15:56:12 +0000: Memory Usage (433116K) : sigrating_drw has 0 polygons
2026-03-16 15:56:12 +0000: Memory Usage (433116K) : singrating_drw has 0 polygons
2026-03-16 15:56:12 +0000: Memory Usage (433116K) : graphpas_drw has 0 polygons
2026-03-16 15:56:12 +0000: Memory Usage (433116K) : emwind3_drw has 0 polygons
2026-03-16 15:56:12 +0000: Memory Usage (433116K) : emwihv3_drw has 0 polygons
2026-03-16 15:56:12 +0000: Memory Usage (433116K) : redbulay_drw has 0 polygons
2026-03-16 15:56:12 +0000: Memory Usage (433116K) : smos_drw has 0 polygons
2026-03-16 15:56:12 +0000: Memory Usage (433116K) : graphpad_drw has 0 polygons
2026-03-16 15:56:12 +0000: Memory Usage (433116K) : polimide_drw has 0 polygons
2026-03-16 15:56:12 +0000: Memory Usage (433116K) : polimide_pin has 0 polygons
2026-03-16 15:56:12 +0000: Memory Usage (433116K) : recog_drw has 0 polygons
2026-03-16 15:56:12 +0000: Memory Usage (433116K) : recog_pin has 0 polygons
2026-03-16 15:56:12 +0000: Memory Usage (433116K) : recog_esd has 0 polygons
2026-03-16 15:56:12 +0000: Memory Usage (433116K) : recog_diode has 0 polygons
2026-03-16 15:56:12 +0000: Memory Usage (433116K) : recog_tsv has 0 polygons
2026-03-16 15:56:12 +0000: Memory Usage (433116K) : recog_iprobe has 0 polygons
2026-03-16 15:56:12 +0000: Memory Usage (433116K) : recog_diffprb has 0 polygons
2026-03-16 15:56:12 +0000: Memory Usage (433116K) : recog_pillar has 0 polygons
2026-03-16 15:56:12 +0000: Memory Usage (433116K) : recog_sbump has 0 polygons
2026-03-16 15:56:12 +0000: Memory Usage (433116K) : recog_otp has 0 polygons
2026-03-16 15:56:12 +0000: Memory Usage (433116K) : recog_pdiode has 0 polygons
2026-03-16 15:56:12 +0000: Memory Usage (433116K) : recog_mom has 0 polygons
2026-03-16 15:56:12 +0000: Memory Usage (433116K) : recog_pcm has 0 polygons
2026-03-16 15:56:12 +0000: Memory Usage (433116K) : colopen_drw has 0 polygons
2026-03-16 15:56:12 +0000: Memory Usage (433116K) : graphmetal1_drw has 0 polygons
2026-03-16 15:56:12 +0000: Memory Usage (433116K) : graphmetal1_filler has 0 polygons
2026-03-16 15:56:12 +0000: Memory Usage (433116K) : graphmetal1_nofill has 0 polygons
2026-03-16 15:56:12 +0000: Memory Usage (433116K) : graphmetal1_slit has 0 polygons
2026-03-16 15:56:12 +0000: Memory Usage (433116K) : graphmetal1_opc has 0 polygons
2026-03-16 15:56:12 +0000: Memory Usage (433116K) : graphmet1l_drw has 0 polygons
2026-03-16 15:56:12 +0000: Memory Usage (433116K) : graphmet1l_filler has 0 polygons
2026-03-16 15:56:12 +0000: Memory Usage (433116K) : graphmet1l_nofill has 0 polygons
2026-03-16 15:56:12 +0000: Memory Usage (433116K) : graphmet1l_slit has 0 polygons
2026-03-16 15:56:12 +0000: Memory Usage (433116K) : graphmet1l_opc has 0 polygons
2026-03-16 15:56:12 +0000: Memory Usage (433116K) : extblock_drw has 0 polygons
2026-03-16 15:56:12 +0000: Memory Usage (433116K) : nldd_drw has 0 polygons
2026-03-16 15:56:12 +0000: Memory Usage (433116K) : pldd_drw has 0 polygons
2026-03-16 15:56:12 +0000: Memory Usage (433116K) : next_drw has 0 polygons
2026-03-16 15:56:12 +0000: Memory Usage (433116K) : pext_drw has 0 polygons
2026-03-16 15:56:12 +0000: Memory Usage (433116K) : nexthv_drw has 0 polygons
2026-03-16 15:56:12 +0000: Memory Usage (433116K) : pexthv_drw has 0 polygons
2026-03-16 15:56:12 +0000: Memory Usage (433116K) : graphgate_drw has 0 polygons
2026-03-16 15:56:12 +0000: Memory Usage (433116K) : sinwg_drw has 0 polygons
2026-03-16 15:56:12 +0000: Memory Usage (433116K) : sinwg_filler has 0 polygons
2026-03-16 15:56:12 +0000: Memory Usage (433116K) : sinwg_nofill has 0 polygons
2026-03-16 15:56:12 +0000: Memory Usage (433376K) : mempad_drw has 0 polygons
2026-03-16 15:56:12 +0000: Memory Usage (433376K) : topvia1_drw has 29 polygons
2026-03-16 15:56:12 +0000: Memory Usage (433376K) : topmetal1_drw has 41 polygons
2026-03-16 15:56:12 +0000: Memory Usage (433376K) : topmetal1_pin has 0 polygons
2026-03-16 15:56:12 +0000: Memory Usage (433640K) : topmetal1_mask has 0 polygons
2026-03-16 15:56:12 +0000: Memory Usage (433640K) : topmetal1_filler has 0 polygons
2026-03-16 15:56:12 +0000: Memory Usage (433640K) : topmetal1_nofill has 0 polygons
2026-03-16 15:56:12 +0000: Memory Usage (433640K) : topmetal1_slit has 0 polygons
2026-03-16 15:56:12 +0000: Memory Usage (433640K) : topmetal1_text has 0 polygons
2026-03-16 15:56:12 +0000: Memory Usage (433904K) : topmetal1_noqrc has 0 polygons
2026-03-16 15:56:12 +0000: Memory Usage (433904K) : topmetal1_res has 0 polygons
2026-03-16 15:56:12 +0000: Memory Usage (433904K) : topmetal1_iprobe has 0 polygons
2026-03-16 15:56:12 +0000: Memory Usage (433904K) : topmetal1_diffprb has 0 polygons
2026-03-16 15:56:12 +0000: Memory Usage (434168K) : inldpwl_drw has 0 polygons
2026-03-16 15:56:12 +0000: Memory Usage (434168K) : polyres_drw has 0 polygons
2026-03-16 15:56:12 +0000: Memory Usage (434168K) : polyres_pin has 0 polygons
2026-03-16 15:56:12 +0000: Memory Usage (434168K) : vmim_drw has 0 polygons
2026-03-16 15:56:12 +0000: Memory Usage (434432K) : nbulaycut_drw has 0 polygons
2026-03-16 15:56:12 +0000: Memory Usage (434432K) : antmetal1_drw has 0 polygons
2026-03-16 15:56:12 +0000: Memory Usage (434432K) : topvia2_drw has 0 polygons
2026-03-16 15:56:12 +0000: Memory Usage (434432K) : topmetal2_drw has 0 polygons
2026-03-16 15:56:12 +0000: Memory Usage (434696K) : topmetal2_pin has 0 polygons
2026-03-16 15:56:12 +0000: Memory Usage (434696K) : topmetal2_mask has 0 polygons
2026-03-16 15:56:12 +0000: Memory Usage (434696K) : topmetal2_filler has 0 polygons
2026-03-16 15:56:12 +0000: Memory Usage (434696K) : topmetal2_nofill has 0 polygons
2026-03-16 15:56:12 +0000: Memory Usage (434960K) : topmetal2_slit has 0 polygons
2026-03-16 15:56:12 +0000: Memory Usage (434960K) : topmetal2_text has 0 polygons
2026-03-16 15:56:12 +0000: Memory Usage (434960K) : topmetal2_noqrc has 0 polygons
2026-03-16 15:56:12 +0000: Memory Usage (434960K) : topmetal2_res has 0 polygons
2026-03-16 15:56:12 +0000: Memory Usage (435224K) : topmetal2_iprobe has 0 polygons
2026-03-16 15:56:12 +0000: Memory Usage (435224K) : topmetal2_diffprb has 0 polygons
2026-03-16 15:56:12 +0000: Memory Usage (435224K) : snsring_drw has 0 polygons
2026-03-16 15:56:12 +0000: Memory Usage (435224K) : sensor_drw has 0 polygons
2026-03-16 15:56:12 +0000: Memory Usage (435488K) : snsarms_drw has 0 polygons
2026-03-16 15:56:12 +0000: Memory Usage (435488K) : snscmosvia_drw has 0 polygons
2026-03-16 15:56:12 +0000: Memory Usage (435488K) : colwind_drw has 0 polygons
2026-03-16 15:56:12 +0000: Memory Usage (435488K) : flm_drw has 0 polygons
2026-03-16 15:56:12 +0000: Memory Usage (435752K) : hafniumox_drw has 0 polygons
2026-03-16 15:56:12 +0000: Memory Usage (435752K) : memvia_drw has 0 polygons
2026-03-16 15:56:12 +0000: Memory Usage (435752K) : thinfilmres_drw has 0 polygons
2026-03-16 15:56:12 +0000: Memory Usage (435752K) : rfmem_drw has 0 polygons
2026-03-16 15:56:12 +0000: Memory Usage (436016K) : norcx_drw has 0 polygons
2026-03-16 15:56:12 +0000: Memory Usage (436016K) : norcx_m2m3 has 0 polygons
2026-03-16 15:56:12 +0000: Memory Usage (436152K) : norcx_m2m4 has 0 polygons
2026-03-16 15:56:12 +0000: Memory Usage (436216K) : norcx_m2m5 has 0 polygons
2026-03-16 15:56:12 +0000: Memory Usage (436216K) : norcx_m2tm1 has 0 polygons
2026-03-16 15:56:12 +0000: Memory Usage (436216K) : norcx_m2tm2 has 0 polygons
2026-03-16 15:56:12 +0000: Memory Usage (436216K) : norcx_m3m4 has 0 polygons
2026-03-16 15:56:12 +0000: Memory Usage (436216K) : norcx_m3m5 has 0 polygons
2026-03-16 15:56:12 +0000: Memory Usage (436216K) : norcx_m3tm1 has 0 polygons
2026-03-16 15:56:12 +0000: Memory Usage (436216K) : norcx_m3tm2 has 0 polygons
2026-03-16 15:56:12 +0000: Memory Usage (436216K) : norcx_m4m5 has 0 polygons
2026-03-16 15:56:12 +0000: Memory Usage (436216K) : norcx_m4tm1 has 0 polygons
2026-03-16 15:56:12 +0000: Memory Usage (436216K) : norcx_m4tm2 has 0 polygons
2026-03-16 15:56:12 +0000: Memory Usage (436216K) : norcx_m5tm1 has 0 polygons
2026-03-16 15:56:12 +0000: Memory Usage (436216K) : norcx_m5tm2 has 0 polygons
2026-03-16 15:56:12 +0000: Memory Usage (436216K) : norcx_tm1tm2 has 0 polygons
2026-03-16 15:56:12 +0000: Memory Usage (436216K) : norcx_m1sub has 0 polygons
2026-03-16 15:56:12 +0000: Memory Usage (436216K) : norcx_m2sub has 0 polygons
2026-03-16 15:56:12 +0000: Memory Usage (436216K) : norcx_m3sub has 0 polygons
2026-03-16 15:56:12 +0000: Memory Usage (436216K) : norcx_m4sub has 0 polygons
2026-03-16 15:56:12 +0000: Memory Usage (436216K) : norcx_m5sub has 0 polygons
2026-03-16 15:56:12 +0000: Memory Usage (436216K) : norcx_tm1sub has 0 polygons
2026-03-16 15:56:12 +0000: Memory Usage (436216K) : norcx_tm2sub has 0 polygons
2026-03-16 15:56:12 +0000: Memory Usage (436216K) : snsbotvia_drw has 0 polygons
2026-03-16 15:56:12 +0000: Memory Usage (436216K) : snstopvia_drw has 0 polygons
2026-03-16 15:56:12 +0000: Memory Usage (436216K) : deepvia_drw has 0 polygons
2026-03-16 15:56:12 +0000: Memory Usage (436216K) : fgetch_drw has 0 polygons
2026-03-16 15:56:12 +0000: Memory Usage (436216K) : ctrgat_drw has 0 polygons
2026-03-16 15:56:12 +0000: Memory Usage (436216K) : fgimp_drw has 0 polygons
2026-03-16 15:56:12 +0000: Memory Usage (436216K) : emwihv_drw has 0 polygons
2026-03-16 15:56:12 +0000: Memory Usage (436216K) : lbe_drw has 0 polygons
2026-03-16 15:56:12 +0000: Memory Usage (436216K) : alcustop_drw has 0 polygons
2026-03-16 15:56:12 +0000: Memory Usage (436216K) : nometfiller_drw has 0 polygons
2026-03-16 15:56:12 +0000: Memory Usage (436216K) : prboundary_drw has 1 polygons
2026-03-16 15:56:12 +0000: Memory Usage (436216K) : exchange0_drw has 0 polygons
2026-03-16 15:56:12 +0000: Memory Usage (436216K) : exchange0_pin has 0 polygons
2026-03-16 15:56:12 +0000: Memory Usage (436216K) : exchange0_text has 0 polygons
2026-03-16 15:56:12 +0000: Memory Usage (436216K) : exchange1_drw has 0 polygons
2026-03-16 15:56:12 +0000: Memory Usage (436216K) : exchange1_pin has 0 polygons
2026-03-16 15:56:12 +0000: Memory Usage (436216K) : exchange1_text has 0 polygons
2026-03-16 15:56:12 +0000: Memory Usage (436216K) : exchange2_drw has 0 polygons
2026-03-16 15:56:12 +0000: Memory Usage (436216K) : exchange2_pin has 0 polygons
2026-03-16 15:56:12 +0000: Memory Usage (436216K) : exchange2_text has 0 polygons
2026-03-16 15:56:12 +0000: Memory Usage (436216K) : exchange3_drw has 0 polygons
2026-03-16 15:56:12 +0000: Memory Usage (436216K) : exchange3_pin has 0 polygons
2026-03-16 15:56:12 +0000: Memory Usage (436216K) : exchange3_text has 0 polygons
2026-03-16 15:56:12 +0000: Memory Usage (436216K) : exchange4_drw has 0 polygons
2026-03-16 15:56:12 +0000: Memory Usage (436216K) : exchange4_pin has 0 polygons
2026-03-16 15:56:12 +0000: Memory Usage (436216K) : exchange4_text has 0 polygons
2026-03-16 15:56:12 +0000: Memory Usage (436216K) : isonwell_drw has 0 polygons
2026-03-16 15:56:12 +0000: Memory Usage (436216K) : Total no. of polygons in the design is 3983
2026-03-16 15:56:12 +0000: Memory Usage (436216K) : Loaded TECH DRC rules values from /data/.ciel/ciel/ihp-sg13g2/versions/c4b8b4e5e7a05f375cca3815d51b3a37721fbf5c/ihp-sg13g2/libs.tech/klayout/python/sg13g2_pycell_lib/sg13g2_tech_mod.json
2026-03-16 15:56:12 +0000: Memory Usage (436216K) : Loaded default DRC rules values from /data/.ciel/ciel/ihp-sg13g2/versions/c4b8b4e5e7a05f375cca3815d51b3a37721fbf5c/ihp-sg13g2/libs.tech/klayout/tech/drc/rule_decks/sg13g2_tech_default.json
2026-03-16 15:56:12 +0000: Memory Usage (436216K) : The following rules values were missing in tech json and default values were used:
2026-03-16 15:56:12 +0000: Memory Usage (436216K) :   - Cnt_c_digibnd
2026-03-16 15:56:12 +0000: Memory Usage (436216K) : Total area of the design is 3503.64 um^2.
2026-03-16 15:56:12 +0000: Memory Usage (436216K) : The design dimensions are 60.2 µm * 58.2 µm.
2026-03-16 15:56:12 +0000: Memory Usage (436216K) : Starting general IHP-SG13G2 derivations.
2026-03-16 15:56:12 +0000: Memory Usage (436216K) : Starting Pwell derivations
2026-03-16 15:56:12 +0000: Memory Usage (437148K) : Starting n-Activ derivations
2026-03-16 15:56:12 +0000: Memory Usage (437164K) : Starting p-Activ derivations
2026-03-16 15:56:12 +0000: Memory Usage (437164K) : Starting ptap derivations
2026-03-16 15:56:12 +0000: Memory Usage (437164K) : Starting ntap derivations
2026-03-16 15:56:12 +0000: Memory Usage (437164K) : Starting pact FET derivations
2026-03-16 15:56:12 +0000: Memory Usage (437164K) : Starting nact FET derivations
2026-03-16 15:56:12 +0000: Memory Usage (437164K) : Starting Gate derivations
2026-03-16 15:56:12 +0000: Memory Usage (437172K) : Starting cont/contbar general derivations
2026-03-16 15:56:12 +0000: Memory Usage (437172K) : Starting pad general derivations
2026-03-16 15:56:12 +0000: Memory Usage (437172K) : Starting IHP-SG13G2 DRC connectivity related derivations.
2026-03-16 15:56:12 +0000: Memory Usage (439696K) : Starting IHP-SG13G2 DRC connectivity setup
2026-03-16 15:56:12 +0000: Memory Usage (440200K) : Starting IHP-SG13G2 DRC rules.
2026-03-16 15:56:12 +0000: Memory Usage (440200K) : Running all FEOL rules
2026-03-16 15:56:12 +0000: Memory Usage (440200K) : Running all BEOL rules
2026-03-16 15:56:12 +0000: Memory Usage (440200K) : Running all PIN rules
2026-03-16 15:56:12 +0000: Memory Usage (440200K) : Running all FORBIDDEN rules
2026-03-16 15:56:12 +0000: Memory Usage (440200K) : Starting 5.1 NWell table
2026-03-16 15:56:12 +0000: Memory Usage (440200K) : Executing rule NW.b
2026-03-16 15:56:12 +0000: Memory Usage (440520K) : Executing rule NW.b1
2026-03-16 15:56:12 +0000: Memory Usage (441236K) : Starting 5.2 PWell:block
2026-03-16 15:56:12 +0000: Memory Usage (441236K) : Executing rule PWB.e
2026-03-16 15:56:12 +0000: Memory Usage (441500K) : Executing rule PWB.e1
2026-03-16 15:56:12 +0000: Memory Usage (441764K) : Executing rule PWB.f
2026-03-16 15:56:12 +0000: Memory Usage (441764K) : Executing rule PWB.f1
2026-03-16 15:56:12 +0000: Memory Usage (442556K) : Starting 5.3 nBuLay table
2026-03-16 15:56:12 +0000: Memory Usage (442584K) : Executing rule NBL.b
2026-03-16 15:56:12 +0000: Memory Usage (442584K) : Executing rule NBL.c
2026-03-16 15:56:12 +0000: Memory Usage (442584K) : Executing rule NBL.d
2026-03-16 15:56:12 +0000: Memory Usage (442584K) : Executing rule NBL.e
2026-03-16 15:56:12 +0000: Memory Usage (442584K) : Executing rule NBL.f
2026-03-16 15:56:12 +0000: Memory Usage (442584K) : Starting 5.5. Activ table
2026-03-16 15:56:12 +0000: Memory Usage (442584K) : Executing rule Act.a
2026-03-16 15:56:12 +0000: Memory Usage (442584K) : Executing rule Act.b
2026-03-16 15:56:12 +0000: Memory Usage (442712K) : Starting 5.6 Activ:filler table
2026-03-16 15:56:12 +0000: Memory Usage (442712K) : Executing rule AFil.c1
2026-03-16 15:56:12 +0000: Memory Usage (442712K) : Executing rule AFil.c
2026-03-16 15:56:12 +0000: Memory Usage (442712K) : Executing rule AFil.d
2026-03-16 15:56:12 +0000: Memory Usage (442712K) : Executing rule AFil.e
2026-03-16 15:56:12 +0000: Memory Usage (442712K) : Executing rule AFil.j
2026-03-16 15:56:12 +0000: Memory Usage (442712K) : Starting 5.7. ThickGateOx table
2026-03-16 15:56:12 +0000: Memory Usage (442712K) : Executing rule TGO.f
2026-03-16 15:56:12 +0000: Memory Usage (442712K) : Starting 5.8. GatPoly table
2026-03-16 15:56:12 +0000: Memory Usage (442712K) : Executing rule Gat.a
2026-03-16 15:56:12 +0000: Memory Usage (442712K) : Executing rule Gat.b
2026-03-16 15:56:12 +0000: Memory Usage (442728K) : Executing rule Gat.d
2026-03-16 15:56:12 +0000: Memory Usage (442728K) : Executing rule Gat.a1
2026-03-16 15:56:12 +0000: Memory Usage (443064K) : Executing rule Gat.a2
2026-03-16 15:56:12 +0000: Memory Usage (443064K) : Executing rule Gat.g
2026-03-16 15:56:12 +0000: Memory Usage (443064K) : Starting 5.9 GatPoly:filler
2026-03-16 15:56:12 +0000: Memory Usage (443064K) : Executing rule GFil.d
2026-03-16 15:56:12 +0000: Memory Usage (443064K) : Executing rule GFil.e
2026-03-16 15:56:12 +0000: Memory Usage (443064K) : Executing rule GFil.i
2026-03-16 15:56:12 +0000: Memory Usage (443064K) : Starting 5.10 pSD table
2026-03-16 15:56:12 +0000: Memory Usage (443064K) : Executing rule pSD.c1
2026-03-16 15:56:12 +0000: Memory Usage (443064K) : Starting 5.14. Cont table
2026-03-16 15:56:12 +0000: Memory Usage (443064K) : Executing rule Cnt.a
2026-03-16 15:56:12 +0000: Memory Usage (443064K) : Executing rule Cnt.b
2026-03-16 15:56:12 +0000: Memory Usage (443064K) : Executing rule Cnt.c
2026-03-16 15:56:12 +0000: Memory Usage (443064K) : Executing rule Cnt.c
2026-03-16 15:56:12 +0000: Memory Usage (443064K) : Executing rule Cnt.d
2026-03-16 15:56:12 +0000: Memory Usage (443064K) : Executing rule Cnt.e
2026-03-16 15:56:12 +0000: Memory Usage (443128K) : Executing rule Cnt.g1
2026-03-16 15:56:12 +0000: Memory Usage (443128K) : Executing rule Cnt.g2
2026-03-16 15:56:12 +0000: Memory Usage (443128K) : Starting 5.15. ContBar table
2026-03-16 15:56:12 +0000: Memory Usage (443128K) : Executing rule CntB.b1
2026-03-16 15:56:12 +0000: Memory Usage (443128K) : Executing rule CntB.h1
2026-03-16 15:56:12 +0000: Memory Usage (443128K) : Starting 6.1.3 NPN Substrate-Tie table
2026-03-16 15:56:12 +0000: Memory Usage (443128K) : Executing rule npn13G2.bR 
2026-03-16 15:56:12 +0000: Memory Usage (443128K) : Executing rule npn13G2L.cR 
2026-03-16 15:56:12 +0000: Memory Usage (443128K) : Executing rule npn13G2V.cR 
2026-03-16 15:56:12 +0000: Memory Usage (443128K) : Starting 6.7 Schottky diode table
2026-03-16 15:56:12 +0000: Memory Usage (443128K) : Executing rule Sdiod.d
2026-03-16 15:56:12 +0000: Memory Usage (443128K) : Executing rule Sdiod.e
2026-03-16 15:56:12 +0000: Memory Usage (443128K) : Starting 7.2 Latch-up table
2026-03-16 15:56:12 +0000: Memory Usage (443128K) : Executing rule LU.b
2026-03-16 15:56:12 +0000: Memory Usage (443128K) : Starting 5.16. Metal1 table
2026-03-16 15:56:12 +0000: Memory Usage (443128K) : Executing rule M1.a
2026-03-16 15:56:12 +0000: Memory Usage (443128K) : Executing rule M1.b
2026-03-16 15:56:12 +0000: Memory Usage (443276K) : Executing rule M1.e
2026-03-16 15:56:12 +0000: Memory Usage (443276K) : Executing rule M1.f
2026-03-16 15:56:12 +0000: Memory Usage (443276K) : Executing rule M1.g
2026-03-16 15:56:12 +0000: Memory Usage (443276K) : Executing rule M1.i
2026-03-16 15:56:12 +0000: Memory Usage (443276K) : Starting 5.17 Metaln table
2026-03-16 15:56:12 +0000: Memory Usage (443276K) : Executing rule M2.a
2026-03-16 15:56:12 +0000: Memory Usage (443276K) : Executing rule M2.b
2026-03-16 15:56:12 +0000: Memory Usage (443276K) : Executing rule M2.e
2026-03-16 15:56:12 +0000: Memory Usage (443276K) : Executing rule M2.f
2026-03-16 15:56:12 +0000: Memory Usage (443276K) : Executing rule M2.g
2026-03-16 15:56:12 +0000: Memory Usage (443276K) : Executing rule M2.i
2026-03-16 15:56:12 +0000: Memory Usage (443276K) : Executing rule M3.a
2026-03-16 15:56:12 +0000: Memory Usage (443276K) : Executing rule M3.b
2026-03-16 15:56:13 +0000: Memory Usage (443276K) : Executing rule M3.e
2026-03-16 15:56:13 +0000: Memory Usage (443276K) : Executing rule M3.f
2026-03-16 15:56:13 +0000: Memory Usage (443276K) : Executing rule M3.g
2026-03-16 15:56:13 +0000: Memory Usage (443276K) : Executing rule M3.i
2026-03-16 15:56:13 +0000: Memory Usage (443276K) : Executing rule M4.a
2026-03-16 15:56:13 +0000: Memory Usage (443276K) : Executing rule M4.b
2026-03-16 15:56:13 +0000: Memory Usage (443276K) : Executing rule M4.e
2026-03-16 15:56:13 +0000: Memory Usage (443276K) : Executing rule M4.f
2026-03-16 15:56:13 +0000: Memory Usage (443276K) : Executing rule M4.g
2026-03-16 15:56:13 +0000: Memory Usage (443276K) : Executing rule M4.i
2026-03-16 15:56:13 +0000: Memory Usage (443276K) : Executing rule M5.a
2026-03-16 15:56:13 +0000: Memory Usage (443276K) : Executing rule M5.b
2026-03-16 15:56:13 +0000: Memory Usage (443276K) : Executing rule M5.e
2026-03-16 15:56:13 +0000: Memory Usage (443276K) : Executing rule M5.f
2026-03-16 15:56:13 +0000: Memory Usage (444068K) : Executing rule M5.g
2026-03-16 15:56:13 +0000: Memory Usage (444332K) : Executing rule M5.i
2026-03-16 15:56:13 +0000: Memory Usage (444596K) : Starting 5.18 Metaln:filler table
2026-03-16 15:56:13 +0000: Memory Usage (444596K) : Executing rule M1Fil.c
2026-03-16 15:56:13 +0000: Memory Usage (444860K) : Executing rule M1Fil.a2
2026-03-16 15:56:13 +0000: Memory Usage (445124K) : Executing rule M2Fil.c
2026-03-16 15:56:13 +0000: Memory Usage (445124K) : Executing rule M2Fil.a2
2026-03-16 15:56:13 +0000: Memory Usage (445388K) : Executing rule M3Fil.c
2026-03-16 15:56:13 +0000: Memory Usage (445388K) : Executing rule M3Fil.a2
2026-03-16 15:56:13 +0000: Memory Usage (445652K) : Executing rule M4Fil.c
2026-03-16 15:56:13 +0000: Memory Usage (445916K) : Executing rule M4Fil.a2
2026-03-16 15:56:13 +0000: Memory Usage (445916K) : Executing rule M5Fil.c
2026-03-16 15:56:13 +0000: Memory Usage (446180K) : Executing rule M5Fil.a2
2026-03-16 15:56:13 +0000: Memory Usage (446180K) : Starting 5.19. Via1 table
2026-03-16 15:56:13 +0000: Memory Usage (446180K) : Starting 5.19. Via1 table derivations
2026-03-16 15:56:13 +0000: Memory Usage (446444K) : Executing rule V1.a
2026-03-16 15:56:13 +0000: Memory Usage (446444K) : Executing rule V1.b
2026-03-16 15:56:13 +0000: Memory Usage (446744K) : Executing rule V1.c
2026-03-16 15:56:13 +0000: Memory Usage (446744K) : Starting 5.20. Vian table
2026-03-16 15:56:13 +0000: Memory Usage (446744K) : Executing rule V2.a
2026-03-16 15:56:13 +0000: Memory Usage (446744K) : Executing rule V2.b
2026-03-16 15:56:13 +0000: Memory Usage (446744K) : Executing rule V2.c
2026-03-16 15:56:13 +0000: Memory Usage (446744K) : Executing rule V3.a
2026-03-16 15:56:13 +0000: Memory Usage (446744K) : Executing rule V3.b
2026-03-16 15:56:13 +0000: Memory Usage (446744K) : Executing rule V3.c
2026-03-16 15:56:13 +0000: Memory Usage (446744K) : Executing rule V4.a
2026-03-16 15:56:13 +0000: Memory Usage (446744K) : Executing rule V4.b
2026-03-16 15:56:13 +0000: Memory Usage (446744K) : Executing rule V4.c
2026-03-16 15:56:13 +0000: Memory Usage (446744K) : Starting 5.21. TopVia1 table
2026-03-16 15:56:13 +0000: Memory Usage (446744K) : Executing rule TV1.a
2026-03-16 15:56:13 +0000: Memory Usage (446744K) : Executing rule TV1.b
2026-03-16 15:56:13 +0000: Memory Usage (446744K) : Executing rule TV1.c
2026-03-16 15:56:13 +0000: Memory Usage (446744K) : Executing rule TV1.d
2026-03-16 15:56:13 +0000: Memory Usage (446744K) : Starting 5.22. TopMetal1 table
2026-03-16 15:56:13 +0000: Memory Usage (446744K) : Executing rule TM1.a
2026-03-16 15:56:13 +0000: Memory Usage (446744K) : Executing rule TM1.b
2026-03-16 15:56:13 +0000: Memory Usage (446744K) : Starting 5.23 TopMetal1:filler table
2026-03-16 15:56:13 +0000: Memory Usage (446744K) : Executing rule TM1Fil.c
2026-03-16 15:56:13 +0000: Memory Usage (446744K) : Executing rule TM1Fil.a1
2026-03-16 15:56:13 +0000: Memory Usage (446744K) : Starting 5.24. TopVia2 table
2026-03-16 15:56:13 +0000: Memory Usage (446744K) : Executing rule TV2.a
2026-03-16 15:56:13 +0000: Memory Usage (446744K) : Executing rule TV2.b
2026-03-16 15:56:13 +0000: Memory Usage (446744K) : Executing rule TV2.c
2026-03-16 15:56:13 +0000: Memory Usage (446744K) : Executing rule TV2.d
2026-03-16 15:56:13 +0000: Memory Usage (446744K) : Starting 5.25. TopMetal2 table
2026-03-16 15:56:13 +0000: Memory Usage (446744K) : Executing rule TM2.a
2026-03-16 15:56:13 +0000: Memory Usage (446744K) : Executing rule TM2.b
2026-03-16 15:56:13 +0000: Memory Usage (446744K) : Executing rule TM2.bR
2026-03-16 15:56:13 +0000: Memory Usage (446744K) : Starting 5.26 TopMetal2:filler table
2026-03-16 15:56:13 +0000: Memory Usage (446744K) : Executing rule TM2Fil.c
2026-03-16 15:56:13 +0000: Memory Usage (446744K) : Executing rule TM2Fil.a1
2026-03-16 15:56:13 +0000: Memory Usage (446744K) : Starting 5.27. Passiv table
2026-03-16 15:56:13 +0000: Memory Usage (446744K) : Executing rule Pas.a
2026-03-16 15:56:13 +0000: Memory Usage (446744K) : Executing rule Pas.b
2026-03-16 15:56:13 +0000: Memory Usage (446744K) : Executing rule Pas.c
2026-03-16 15:56:13 +0000: Memory Usage (446744K) : Starting 6.9.2 Copper Pillar table
2026-03-16 15:56:13 +0000: Memory Usage (446744K) : Executing rule Padc.a
2026-03-16 15:56:13 +0000: Memory Usage (446744K) : Executing rule Padc.b
2026-03-16 15:56:13 +0000: Memory Usage (446744K) : Executing rule Padc.c
2026-03-16 15:56:13 +0000: Memory Usage (446744K) : Executing rule Padb.f
2026-03-16 15:56:13 +0000: Memory Usage (446744K) : Starting 6.9 Pad table
2026-03-16 15:56:13 +0000: Memory Usage (446744K) : Executing rule Pad.m
2026-03-16 15:56:13 +0000: Memory Usage (446744K) : Executing rule Pad.fR_M1
2026-03-16 15:56:13 +0000: Memory Usage (446744K) : Executing rule Pad.fR_M2
2026-03-16 15:56:13 +0000: Memory Usage (446744K) : Executing rule Pad.fR_M3
2026-03-16 15:56:13 +0000: Memory Usage (446744K) : Executing rule Pad.fR_M4
2026-03-16 15:56:13 +0000: Memory Usage (446744K) : Executing rule Pad.fR_M5
2026-03-16 15:56:13 +0000: Memory Usage (446744K) : Executing rule Pad.fR_TM1
2026-03-16 15:56:13 +0000: Memory Usage (446744K) : Executing rule Pad.fR_TM2
2026-03-16 15:56:13 +0000: Memory Usage (446744K) : Executing rule Pad.i
2026-03-16 15:56:13 +0000: Memory Usage (446744K) : Starting 6.9.1 Solder Bump
2026-03-16 15:56:13 +0000: Memory Usage (446744K) : Executing rule Padb.a
2026-03-16 15:56:13 +0000: Memory Usage (446744K) : Executing rule Padb.b
2026-03-16 15:56:13 +0000: Memory Usage (446744K) : Executing rule Padb.c
2026-03-16 15:56:13 +0000: Memory Usage (446744K) : Executing rule Padb.f
2026-03-16 15:56:13 +0000: Memory Usage (446744K) : Executing rule Padb.d
2026-03-16 15:56:13 +0000: Memory Usage (446744K) : Starting 6.10 Sealring table
2026-03-16 15:56:13 +0000: Memory Usage (446744K) : Executing rule Seal.l
2026-03-16 15:56:13 +0000: Memory Usage (446744K) : Executing rule Seal.n
2026-03-16 15:56:13 +0000: Memory Usage (446744K) : Executing rule seal.b_metal1
2026-03-16 15:56:13 +0000: Memory Usage (446744K) : Executing rule seal.b_metal2
2026-03-16 15:56:13 +0000: Memory Usage (446744K) : Executing rule seal.b_metal3
2026-03-16 15:56:13 +0000: Memory Usage (446744K) : Executing rule seal.b_metal4
2026-03-16 15:56:13 +0000: Memory Usage (446744K) : Executing rule seal.b_metal5
2026-03-16 15:56:13 +0000: Memory Usage (446744K) : Executing rule seal.b_topmetal1
2026-03-16 15:56:13 +0000: Memory Usage (446744K) : Executing rule seal.b_topmetal2
2026-03-16 15:56:13 +0000: Memory Usage (446744K) : Executing rule seal.b_activ
2026-03-16 15:56:13 +0000: Memory Usage (446744K) : Executing rule seal.b_psd
2026-03-16 15:56:13 +0000: Memory Usage (446744K) : Executing rule Seal.k
2026-03-16 15:56:13 +0000: Memory Usage (446744K) : Executing rule Seal.m
2026-03-16 15:56:13 +0000: Memory Usage (446744K) : Starting 6.11 MIM table
2026-03-16 15:56:13 +0000: Memory Usage (446744K) : Executing rule MIM.c
2026-03-16 15:56:13 +0000: Memory Usage (446744K) : Executing rule MIM.d
2026-03-16 15:56:13 +0000: Memory Usage (446744K) : Executing rule MIM.gR
2026-03-16 15:56:13 +0000: Memory Usage (446744K) : Starting 7.3 Metal Slits table
2026-03-16 15:56:13 +0000: Memory Usage (446744K) : Executing rule Slt.e1_M1
2026-03-16 15:56:13 +0000: Memory Usage (446744K) : Executing rule Slt.e1_M2
2026-03-16 15:56:13 +0000: Memory Usage (446744K) : Executing rule Slt.e1_M3
2026-03-16 15:56:13 +0000: Memory Usage (446744K) : Executing rule Slt.e1_M4
2026-03-16 15:56:13 +0000: Memory Usage (446744K) : Executing rule Slt.e1_M5
2026-03-16 15:56:13 +0000: Memory Usage (446744K) : Executing rule Slt.e1_TM1
2026-03-16 15:56:13 +0000: Memory Usage (446808K) : Executing rule Slt.e1_TM2
2026-03-16 15:56:13 +0000: Memory Usage (446808K) : Starting 9.1. LBE table
2026-03-16 15:56:13 +0000: Memory Usage (446808K) : Executing rule LBE.a
2026-03-16 15:56:13 +0000: Memory Usage (446808K) : Executing rule LBE.b
2026-03-16 15:56:13 +0000: Memory Usage (446808K) : Executing rule LBE.b1
2026-03-16 15:56:13 +0000: Memory Usage (446872K) : Executing rule LBE.c
2026-03-16 15:56:13 +0000: Memory Usage (446872K) : Executing rule LBE.d
2026-03-16 15:56:13 +0000: Memory Usage (446872K) : Executing rule LBE.h
2026-03-16 15:56:13 +0000: Memory Usage (446872K) : Starting 7.4. PIN table
2026-03-16 15:56:13 +0000: Memory Usage (446872K) : Executing rule Pin.a
2026-03-16 15:56:13 +0000: Memory Usage (446936K) : Executing rule Pin.b
2026-03-16 15:56:13 +0000: Memory Usage (446936K) : Executing rule Pin.e
2026-03-16 15:56:13 +0000: Memory Usage (446936K) : Executing rule Pin.f_M2
2026-03-16 15:56:13 +0000: Memory Usage (446936K) : Executing rule Pin.f_M3
2026-03-16 15:56:13 +0000: Memory Usage (447000K) : Executing rule Pin.f_M4
2026-03-16 15:56:13 +0000: Memory Usage (447000K) : Executing rule Pin.f_M5
2026-03-16 15:56:13 +0000: Memory Usage (447000K) : Executing rule Pin.g
2026-03-16 15:56:13 +0000: Memory Usage (447000K) : Executing rule Pin.h
2026-03-16 15:56:13 +0000: Memory Usage (447064K) : Starting 3.2. FORBIDDEN table
2026-03-16 15:56:13 +0000: Memory Usage (447064K) : Executing rule forbidden.biwind
2026-03-16 15:56:13 +0000: Memory Usage (447064K) : Executing rule forbidden.pemwind
2026-03-16 15:56:13 +0000: Memory Usage (447064K) : Executing rule forbidden.baspoly
2026-03-16 15:56:13 +0000: Memory Usage (447064K) : Executing rule forbidden.deepco
2026-03-16 15:56:13 +0000: Memory Usage (447128K) : Executing rule forbidden.pempoly
2026-03-16 15:56:13 +0000: Memory Usage (447128K) : Executing rule forbidden.empoly
2026-03-16 15:56:13 +0000: Memory Usage (447128K) : Executing rule forbidden.ldmos
2026-03-16 15:56:13 +0000: Memory Usage (447128K) : Executing rule forbidden.pbiwind
2026-03-16 15:56:13 +0000: Memory Usage (447192K) : Executing rule forbidden.nodrc
2026-03-16 15:56:13 +0000: Memory Usage (447192K) : Executing rule forbidden.flash
2026-03-16 15:56:13 +0000: Memory Usage (447192K) : Executing rule forbidden.colwind
2026-03-16 15:56:13 +0000: Memory Usage (447192K) : KLayout DRC run for tables 'main' completed in 1.21 seconds
